../Core/Src/main.c:92:6:HAL_ADC_ConvCpltCallback	16	static
../Core/Src/main.c:100:5:detec_lvl	16	static
../Core/Src/main.c:112:5:humedad	24	static
../Core/Src/main.c:125:6:HAL_GPIO_EXTI_Callback	16	static
../Core/Src/main.c:136:6:HAL_TIM_OC_DelayElapsedCallback	16	static
../Core/Src/main.c:144:6:HAL_TIM_PeriodElapsedCallback	32	static
../Core/Src/main.c:171:5:main	24	static
../Core/Src/main.c:289:6:SystemClock_Config	88	static
../Core/Src/main.c:336:13:MX_ADC1_Init	24	static
../Core/Src/main.c:397:13:MX_I2C1_Init	8	static
../Core/Src/main.c:431:13:MX_TIM1_Init	96	static
../Core/Src/main.c:506:13:MX_TIM2_Init	32	static
../Core/Src/main.c:549:13:MX_DMA_Init	16	static
../Core/Src/main.c:567:13:MX_GPIO_Init	48	static
../Core/Src/main.c:600:6:lcd_send_data	32	static
../Core/Src/main.c:613:6:lcd_send_cmd	32	static
../Core/Src/main.c:626:6:lcd_init	8	static
../Core/Src/main.c:649:6:lcd_send_string	16	static
../Core/Src/main.c:665:6:lcd_update	16	static
../Core/Src/main.c:686:6:lcd_clear	16	static
../Core/Src/main.c:696:6:strdel	24	static
../Core/Src/main.c:703:6:info	8	static
../Core/Src/main.c:715:6:Error_Handler	4	static,ignoring_inline_asm
