../Core/Src/main.c:69:6:HAL_ADC_ConvCpltCallback	16	static
../Core/Src/main.c:77:5:detec_lvl	16	static
../Core/Src/main.c:90:6:HAL_GPIO_EXTI_Callback	16	static
../Core/Src/main.c:102:6:HAL_TIM_OC_DelayElapsedCallback	16	static
../Core/Src/main.c:117:5:main	8	static
../Core/Src/main.c:206:6:SystemClock_Config	88	static
../Core/Src/main.c:253:13:MX_ADC1_Init	24	static
../Core/Src/main.c:314:13:MX_TIM1_Init	96	static
../Core/Src/main.c:387:13:MX_DMA_Init	16	static
../Core/Src/main.c:405:13:MX_GPIO_Init	40	static
../Core/Src/main.c:433:6:Error_Handler	4	static,ignoring_inline_asm
